{"level":"DEBUG","location":"[get_call:168] fyersModel","message":{"Status Code":200,"API":"/profile"},"timestamp":"2026-10-01 14:38:20,201+0530","service":"FyersAPIRequest"}
{"level":"DEBUG","location":"[get_call:168] fyersModel","message":{"Status Code":200,"API":"/funds"},"timestamp":"2026-10-01 14:39:36,253+0530","service":"FyersAPIRequest"}
{"level":"DEBUG","location":"[get_call:168] fyersModel","message":{"Status Code":200,"API":"/positions"},"timestamp":"2026-10-01 14:39:36,313+0530","service":"FyersAPIRequest"}
{"level":"DEBUG","location":"[get_call:168] fyersModel","message":{"Status Code":200,"API":"/funds"},"timestamp":"2026-10-01 14:40:25,591+0530","service":"FyersAPIRequest"}
{"level":"DEBUG","location":"[get_call:168] fyersModel","message":{"Status Code":200,"API":"/positions"},"timestamp":"2026-10-01 14:40:25,650+0530","service":"FyersAPIRequest"}
{"level":"DEBUG","location":"[get_call:168] fyersModel","message":{"Status Code":200,"API":"/history"},"timestamp":"2026-10-01 14:44:48,210+0530","service":"FyersAPIRequest"}
{"level":"DEBUG","location":"[get_call:168] fyersModel","message":{"Status Code":200,"API":"/history"},"timestamp":"2026-10-01 14:44:48,548+0530","service":"FyersAPIRequest"}
{"level":"DEBUG","location":"[get_call:168] fyersModel","message":{"Status Code":200,"API":"/history"},"timestamp":"2026-10-01 14:44:48,827+0530","service":"FyersAPIRequest"}
{"level":"DEBUG","location":"[get_call:168] fyersModel","message":{"Status Code":200,"API":"/history"},"timestamp":"2026-10-01 14:44:49,098+0530","service":"FyersAPIRequest"}
{"level":"DEBUG","location":"[get_call:168] fyersModel","message":{"Status Code":200,"API":"/history"},"timestamp":"2026-10-01 14:44:49,373+0530","service":"FyersAPIRequest"}
{"level":"DEBUG","location":"[get_call:168] fyersModel","message":{"Status Code":200,"API":"/history"},"timestamp":"2026-10-01 14:44:49,636+0530","service":"FyersAPIRequest"}
{"level":"DEBUG","location":"[get_call:168] fyersModel","message":{"Status Code":200,"API":"/history"},"timestamp":"2026-10-01 14:44:49,910+0530","service":"FyersAPIRequest"}
{"level":"DEBUG","location":"[get_call:168] fyersModel","message":{"Status Code":200,"API":"/history"},"timestamp":"2026-10-01 14:44:50,176+0530","service":"FyersAPIRequest"}
{"level":"DEBUG","location":"[get_call:168] fyersModel","message":{"Status Code":200,"API":"/history"},"timestamp":"2026-10-01 14:44:50,433+0530","service":"FyersAPIRequest"}
{"level":"DEBUG","location":"[get_call:168] fyersModel","message":{"Status Code":200,"API":"/history"},"timestamp":"2026-10-01 14:44:50,713+0530","service":"FyersAPIRequest"}
{"level":"DEBUG","location":"[get_call:168] fyersModel","message":{"Status Code":200,"API":"/history"},"timestamp":"2026-10-01 14:44:50,981+0530","service":"FyersAPIRequest"}
{"level":"DEBUG","location":"[get_call:168] fyersModel","message":{"Status Code":200,"API":"/history"},"timestamp":"2026-10-01 14:44:51,233+0530","service":"FyersAPIRequest"}
{"level":"DEBUG","location":"[get_call:168] fyersModel","message":{"Status Code":200,"API":"/history"},"timestamp":"2026-10-01 14:44:51,504+0530","service":"FyersAPIRequest"}
{"level":"DEBUG","location":"[get_call:168] fyersModel","message":{"Status Code":200,"API":"/history"},"timestamp":"2026-10-01 14:44:51,762+0530","service":"FyersAPIRequest"}
{"level":"DEBUG","location":"[get_call:168] fyersModel","message":{"Status Code":200,"API":"/history"},"timestamp":"2026-10-01 14:44:52,031+0530","service":"FyersAPIRequest"}
{"level":"DEBUG","location":"[get_call:168] fyersModel","message":{"Status Code":200,"API":"/history"},"timestamp":"2026-10-01 14:44:52,314+0530","service":"FyersAPIRequest"}
{"level":"DEBUG","location":"[get_call:168] fyersModel","message":{"Status Code":200,"API":"/history"},"timestamp":"2026-10-01 14:44:52,648+0530","service":"FyersAPIRequest"}
{"level":"DEBUG","location":"[get_call:168] fyersModel","message":{"Status Code":200,"API":"/history"},"timestamp":"2026-10-01 14:44:52,916+0530","service":"FyersAPIRequest"}
{"level":"DEBUG","location":"[get_call:168] fyersModel","message":{"Status Code":200,"API":"/history"},"timestamp":"2026-10-01 14:44:53,216+0530","service":"FyersAPIRequest"}
{"level":"DEBUG","location":"[get_call:168] fyersModel","message":{"Status Code":200,"API":"/history"},"timestamp":"2026-10-01 14:45:31,511+0530","service":"FyersAPIRequest"}
{"level":"DEBUG","location":"[get_call:168] fyersModel","message":{"Status Code":200,"API":"/history"},"timestamp":"2026-10-01 14:45:32,356+0530","service":"FyersAPIRequest"}
{"level":"DEBUG","location":"[get_call:168] fyersModel","message":{"Status Code":200,"API":"/history"},"timestamp":"2026-10-01 14:45:33,058+0530","service":"FyersAPIRequest"}
{"level":"DEBUG","location":"[get_call:168] fyersModel","message":{"Status Code":200,"API":"/history"},"timestamp":"2026-10-01 14:45:33,715+0530","service":"FyersAPIRequest"}
{"level":"DEBUG","location":"[get_call:168] fyersModel","message":{"Status Code":200,"API":"/history"},"timestamp":"2026-10-01 14:45:34,588+0530","service":"FyersAPIRequest"}
{"level":"DEBUG","location":"[get_call:168] fyersModel","message":{"Status Code":200,"API":"/history"},"timestamp":"2026-10-01 14:45:35,348+0530","service":"FyersAPIRequest"}
{"level":"DEBUG","location":"[get_call:168] fyersModel","message":{"Status Code":200,"API":"/history"},"timestamp":"2026-10-01 14:45:36,363+0530","service":"FyersAPIRequest"}
{"level":"DEBUG","location":"[get_call:168] fyersModel","message":{"Status Code":200,"API":"/history"},"timestamp":"2026-10-01 14:45:37,078+0530","service":"FyersAPIRequest"}
{"level":"DEBUG","location":"[get_call:168] fyersModel","message":{"Status Code":200,"API":"/history"},"timestamp":"2026-10-01 14:45:37,839+0530","service":"FyersAPIRequest"}
{"level":"DEBUG","location":"[get_call:168] fyersModel","message":{"Status Code":200,"API":"/history"},"timestamp":"2026-10-01 14:45:38,517+0530","service":"FyersAPIRequest"}
{"level":"DEBUG","location":"[get_call:168] fyersModel","message":{"Status Code":200,"API":"/history"},"timestamp":"2026-10-01 14:45:39,318+0530","service":"FyersAPIRequest"}
{"level":"DEBUG","location":"[get_call:168] fyersModel","message":{"Status Code":200,"API":"/history"},"timestamp":"2026-10-01 14:45:39,963+0530","service":"FyersAPIRequest"}
{"level":"DEBUG","location":"[get_call:168] fyersModel","message":{"Status Code":200,"API":"/history"},"timestamp":"2026-10-01 14:45:40,880+0530","service":"FyersAPIRequest"}
{"level":"DEBUG","location":"[get_call:168] fyersModel","message":{"Status Code":200,"API":"/history"},"timestamp":"2026-10-01 14:45:41,499+0530","service":"FyersAPIRequest"}
{"level":"DEBUG","location":"[get_call:168] fyersModel","message":{"Status Code":200,"API":"/history"},"timestamp":"2026-10-01 14:45:42,465+0530","service":"FyersAPIRequest"}
{"level":"DEBUG","location":"[get_call:168] fyersModel","message":{"Status Code":200,"API":"/history"},"timestamp":"2026-10-01 14:45:43,087+0530","service":"FyersAPIRequest"}
{"level":"DEBUG","location":"[get_call:168] fyersModel","message":{"Status Code":200,"API":"/history"},"timestamp":"2026-10-01 14:45:43,686+0530","service":"FyersAPIRequest"}
{"level":"DEBUG","location":"[get_call:168] fyersModel","message":{"Status Code":200,"API":"/history"},"timestamp":"2026-10-01 14:45:44,365+0530","service":"FyersAPIRequest"}
{"level":"DEBUG","location":"[get_call:168] fyersModel","message":{"Status Code":200,"API":"/history"},"timestamp":"2026-10-01 14:45:44,729+0530","service":"FyersAPIRequest"}
{"level":"DEBUG","location":"[get_call:168] fyersModel","message":{"Status Code":200,"API":"/history"},"timestamp":"2026-10-01 14:53:29,708+0530","service":"FyersAPIRequest"}
{"level":"DEBUG","location":"[get_call:168] fyersModel","message":{"Status Code":200,"API":"/history"},"timestamp":"2026-10-01 14:53:30,176+0530","service":"FyersAPIRequest"}
{"level":"DEBUG","location":"[get_call:168] fyersModel","message":{"Status Code":200,"API":"/history"},"timestamp":"2026-10-01 14:53:30,649+0530","service":"FyersAPIRequest"}
{"level":"DEBUG","location":"[get_call:168] fyersModel","message":{"Status Code":200,"API":"/history"},"timestamp":"2026-10-01 14:53:31,062+0530","service":"FyersAPIRequest"}
{"level":"DEBUG","location":"[get_call:168] fyersModel","message":{"Status Code":200,"API":"/history"},"timestamp":"2026-10-01 14:53:31,997+0530","service":"FyersAPIRequest"}
{"level":"DEBUG","location":"[get_call:168] fyersModel","message":{"Status Code":200,"API":"/history"},"timestamp":"2026-10-01 14:53:32,403+0530","service":"FyersAPIRequest"}
{"level":"DEBUG","location":"[get_call:168] fyersModel","message":{"Status Code":200,"API":"/history"},"timestamp":"2026-10-01 14:53:32,822+0530","service":"FyersAPIRequest"}
{"level":"DEBUG","location":"[get_call:168] fyersModel","message":{"Status Code":200,"API":"/history"},"timestamp":"2026-10-01 14:53:33,116+0530","service":"FyersAPIRequest"}
{"level":"DEBUG","location":"[get_call:168] fyersModel","message":{"Status Code":200,"API":"/history"},"timestamp":"2026-10-01 14:53:33,628+0530","service":"FyersAPIRequest"}
{"level":"DEBUG","location":"[get_call:168] fyersModel","message":{"Status Code":200,"API":"/history"},"timestamp":"2026-10-01 14:53:34,078+0530","service":"FyersAPIRequest"}
{"level":"DEBUG","location":"[get_call:168] fyersModel","message":{"Status Code":200,"API":"/history"},"timestamp":"2026-10-01 14:53:34,549+0530","service":"FyersAPIRequest"}
{"level":"DEBUG","location":"[get_call:168] fyersModel","message":{"Status Code":200,"API":"/history"},"timestamp":"2026-10-01 14:53:34,883+0530","service":"FyersAPIRequest"}
{"level":"DEBUG","location":"[get_call:168] fyersModel","message":{"Status Code":200,"API":"/history"},"timestamp":"2026-10-01 14:53:35,412+0530","service":"FyersAPIRequest"}
{"level":"DEBUG","location":"[get_call:168] fyersModel","message":{"Status Code":200,"API":"/history"},"timestamp":"2026-10-01 14:53:35,804+0530","service":"FyersAPIRequest"}
{"level":"DEBUG","location":"[get_call:168] fyersModel","message":{"Status Code":200,"API":"/history"},"timestamp":"2026-10-01 14:53:36,256+0530","service":"FyersAPIRequest"}
{"level":"DEBUG","location":"[get_call:168] fyersModel","message":{"Status Code":200,"API":"/history"},"timestamp":"2026-10-01 14:53:36,593+0530","service":"FyersAPIRequest"}
{"level":"DEBUG","location":"[get_call:168] fyersModel","message":{"Status Code":200,"API":"/history"},"timestamp":"2026-10-01 14:53:37,066+0530","service":"FyersAPIRequest"}
{"level":"DEBUG","location":"[get_call:168] fyersModel","message":{"Status Code":200,"API":"/history"},"timestamp":"2026-10-01 14:53:37,499+0530","service":"FyersAPIRequest"}
{"level":"DEBUG","location":"[get_call:168] fyersModel","message":{"Status Code":200,"API":"/history"},"timestamp":"2026-10-01 14:53:37,898+0530","service":"FyersAPIRequest"}
{"level":"DEBUG","location":"[get_call:168] fyersModel","message":{"Status Code":200,"API":"/history"},"timestamp":"2026-10-01 14:53:38,224+0530","service":"FyersAPIRequest"}
{"level":"DEBUG","location":"[get_call:168] fyersModel","message":{"Status Code":200,"API":"/history"},"timestamp":"2026-10-01 14:53:38,694+0530","service":"FyersAPIRequest"}
{"level":"DEBUG","location":"[get_call:168] fyersModel","message":{"Status Code":200,"API":"/history"},"timestamp":"2026-10-01 14:53:39,100+0530","service":"FyersAPIRequest"}
{"level":"DEBUG","location":"[get_call:168] fyersModel","message":{"Status Code":200,"API":"/history"},"timestamp":"2026-10-01 14:53:39,574+0530","service":"FyersAPIRequest"}
{"level":"DEBUG","location":"[get_call:168] fyersModel","message":{"Status Code":200,"API":"/history"},"timestamp":"2026-10-01 14:53:39,962+0530","service":"FyersAPIRequest"}
{"level":"DEBUG","location":"[get_call:168] fyersModel","message":{"Status Code":200,"API":"/history"},"timestamp":"2026-10-01 14:53:40,458+0530","service":"FyersAPIRequest"}
{"level":"DEBUG","location":"[get_call:168] fyersModel","message":{"Status Code":200,"API":"/history"},"timestamp":"2026-10-01 14:53:40,843+0530","service":"FyersAPIRequest"}
{"level":"DEBUG","location":"[get_call:168] fyersModel","message":{"Status Code":200,"API":"/history"},"timestamp":"2026-10-01 14:53:41,252+0530","service":"FyersAPIRequest"}
{"level":"DEBUG","location":"[get_call:168] fyersModel","message":{"Status Code":200,"API":"/history"},"timestamp":"2026-10-01 14:53:41,557+0530","service":"FyersAPIRequest"}
{"level":"DEBUG","location":"[get_call:168] fyersModel","message":{"Status Code":200,"API":"/history"},"timestamp":"2026-10-01 14:53:42,195+0530","service":"FyersAPIRequest"}
{"level":"DEBUG","location":"[get_call:168] fyersModel","message":{"Status Code":200,"API":"/history"},"timestamp":"2026-10-01 14:53:42,596+0530","service":"FyersAPIRequest"}
{"level":"DEBUG","location":"[get_call:168] fyersModel","message":{"Status Code":200,"API":"/history"},"timestamp":"2026-10-01 14:53:43,074+0530","service":"FyersAPIRequest"}
{"level":"DEBUG","location":"[get_call:168] fyersModel","message":{"Status Code":200,"API":"/history"},"timestamp":"2026-10-01 14:53:43,355+0530","service":"FyersAPIRequest"}
{"level":"DEBUG","location":"[get_call:168] fyersModel","message":{"Status Code":200,"API":"/history"},"timestamp":"2026-10-01 14:53:43,806+0530","service":"FyersAPIRequest"}
{"level":"DEBUG","location":"[get_call:168] fyersModel","message":{"Status Code":200,"API":"/history"},"timestamp":"2026-10-01 14:53:44,188+0530","service":"FyersAPIRequest"}
{"level":"DEBUG","location":"[get_call:168] fyersModel","message":{"Status Code":200,"API":"/history"},"timestamp":"2026-10-01 14:53:44,668+0530","service":"FyersAPIRequest"}
{"level":"DEBUG","location":"[get_call:168] fyersModel","message":{"Status Code":200,"API":"/history"},"timestamp":"2026-10-01 14:53:44,968+0530","service":"FyersAPIRequest"}
{"level":"DEBUG","location":"[get_call:168] fyersModel","message":{"Status Code":200,"API":"/history"},"timestamp":"2026-10-01 14:53:45,429+0530","service":"FyersAPIRequest"}
{"level":"DEBUG","location":"[get_call:168] fyersModel","message":{"Status Code":200,"API":"/history"},"timestamp":"2026-10-01 14:53:45,853+0530","service":"FyersAPIRequest"}
{"level":"DEBUG","location":"[get_call:168] fyersModel","message":{"Status Code":200,"API":"/history"},"timestamp":"2026-10-01 14:53:46,243+0530","service":"FyersAPIRequest"}
{"level":"DEBUG","location":"[get_call:168] fyersModel","message":{"Status Code":200,"API":"/history"},"timestamp":"2026-10-01 14:53:46,532+0530","service":"FyersAPIRequest"}
{"level":"DEBUG","location":"[get_call:168] fyersModel","message":{"Status Code":200,"API":"/history"},"timestamp":"2026-10-01 14:53:47,052+0530","service":"FyersAPIRequest"}
{"level":"DEBUG","location":"[get_call:168] fyersModel","message":{"Status Code":200,"API":"/history"},"timestamp":"2026-10-01 14:53:47,459+0530","service":"FyersAPIRequest"}
{"level":"DEBUG","location":"[get_call:168] fyersModel","message":{"Status Code":200,"API":"/history"},"timestamp":"2026-10-01 14:53:47,967+0530","service":"FyersAPIRequest"}
{"level":"DEBUG","location":"[get_call:168] fyersModel","message":{"Status Code":200,"API":"/history"},"timestamp":"2026-10-01 14:53:48,281+0530","service":"FyersAPIRequest"}
{"level":"DEBUG","location":"[get_call:168] fyersModel","message":{"Status Code":200,"API":"/history"},"timestamp":"2026-10-01 14:53:48,812+0530","service":"FyersAPIRequest"}
{"level":"DEBUG","location":"[get_call:168] fyersModel","message":{"Status Code":200,"API":"/history"},"timestamp":"2026-10-01 14:53:49,184+0530","service":"FyersAPIRequest"}
{"level":"DEBUG","location":"[get_call:168] fyersModel","message":{"Status Code":200,"API":"/history"},"timestamp":"2026-10-01 14:53:49,583+0530","service":"FyersAPIRequest"}
{"level":"DEBUG","location":"[get_call:168] fyersModel","message":{"Status Code":200,"API":"/history"},"timestamp":"2026-10-01 14:53:49,865+0530","service":"FyersAPIRequest"}
{"level":"DEBUG","location":"[get_call:168] fyersModel","message":{"Status Code":200,"API":"/history"},"timestamp":"2026-10-01 14:53:50,377+0530","service":"FyersAPIRequest"}
{"level":"DEBUG","location":"[get_call:168] fyersModel","message":{"Status Code":200,"API":"/history"},"timestamp":"2026-10-01 14:53:50,770+0530","service":"FyersAPIRequest"}
{"level":"DEBUG","location":"[get_call:168] fyersModel","message":{"Status Code":200,"API":"/history"},"timestamp":"2026-10-01 14:53:51,151+0530","service":"FyersAPIRequest"}
{"level":"DEBUG","location":"[get_call:168] fyersModel","message":{"Status Code":200,"API":"/history"},"timestamp":"2026-10-01 14:53:51,452+0530","service":"FyersAPIRequest"}
{"level":"DEBUG","location":"[get_call:168] fyersModel","message":{"Status Code":200,"API":"/history"},"timestamp":"2026-10-01 14:53:51,957+0530","service":"FyersAPIRequest"}
{"level":"DEBUG","location":"[get_call:168] fyersModel","message":{"Status Code":200,"API":"/history"},"timestamp":"2026-10-01 14:53:52,334+0530","service":"FyersAPIRequest"}
{"level":"DEBUG","location":"[get_call:168] fyersModel","message":{"Status Code":200,"API":"/history"},"timestamp":"2026-10-01 14:53:52,758+0530","service":"FyersAPIRequest"}
{"level":"DEBUG","location":"[get_call:168] fyersModel","message":{"Status Code":200,"API":"/history"},"timestamp":"2026-10-01 14:53:53,080+0530","service":"FyersAPIRequest"}
{"level":"DEBUG","location":"[get_call:168] fyersModel","message":{"Status Code":200,"API":"/history"},"timestamp":"2026-10-01 14:53:53,553+0530","service":"FyersAPIRequest"}
{"level":"DEBUG","location":"[get_call:168] fyersModel","message":{"Status Code":200,"API":"/history"},"timestamp":"2026-10-01 14:53:53,972+0530","service":"FyersAPIRequest"}
{"level":"DEBUG","location":"[get_call:168] fyersModel","message":{"Status Code":200,"API":"/history"},"timestamp":"2026-10-01 14:53:54,389+0530","service":"FyersAPIRequest"}
{"level":"DEBUG","location":"[get_call:168] fyersModel","message":{"Status Code":200,"API":"/history"},"timestamp":"2026-10-01 14:53:54,767+0530","service":"FyersAPIRequest"}
{"level":"DEBUG","location":"[get_call:168] fyersModel","message":{"Status Code":200,"API":"/history"},"timestamp":"2026-10-01 14:53:55,301+0530","service":"FyersAPIRequest"}
{"level":"DEBUG","location":"[get_call:168] fyersModel","message":{"Status Code":200,"API":"/history"},"timestamp":"2026-10-01 14:53:55,706+0530","service":"FyersAPIRequest"}
{"level":"DEBUG","location":"[get_call:168] fyersModel","message":{"Status Code":200,"API":"/history"},"timestamp":"2026-10-01 14:53:56,180+0530","service":"FyersAPIRequest"}
{"level":"DEBUG","location":"[get_call:168] fyersModel","message":{"Status Code":200,"API":"/history"},"timestamp":"2026-10-01 14:53:56,468+0530","service":"FyersAPIRequest"}
{"level":"DEBUG","location":"[get_call:168] fyersModel","message":{"Status Code":200,"API":"/history"},"timestamp":"2026-10-01 14:53:56,968+0530","service":"FyersAPIRequest"}
{"level":"DEBUG","location":"[get_call:168] fyersModel","message":{"Status Code":200,"API":"/history"},"timestamp":"2026-10-01 14:53:57,390+0530","service":"FyersAPIRequest"}
{"level":"DEBUG","location":"[get_call:168] fyersModel","message":{"Status Code":200,"API":"/history"},"timestamp":"2026-10-01 14:53:57,798+0530","service":"FyersAPIRequest"}
{"level":"DEBUG","location":"[get_call:168] fyersModel","message":{"Status Code":200,"API":"/history"},"timestamp":"2026-10-01 14:53:58,235+0530","service":"FyersAPIRequest"}
{"level":"DEBUG","location":"[get_call:168] fyersModel","message":{"Status Code":200,"API":"/history"},"timestamp":"2026-10-01 14:53:58,776+0530","service":"FyersAPIRequest"}
{"level":"DEBUG","location":"[get_call:168] fyersModel","message":{"Status Code":200,"API":"/history"},"timestamp":"2026-10-01 14:53:59,180+0530","service":"FyersAPIRequest"}
{"level":"DEBUG","location":"[get_call:168] fyersModel","message":{"Status Code":200,"API":"/history"},"timestamp":"2026-10-01 14:53:59,604+0530","service":"FyersAPIRequest"}
{"level":"DEBUG","location":"[get_call:168] fyersModel","message":{"Status Code":200,"API":"/history"},"timestamp":"2026-10-01 14:54:00,009+0530","service":"FyersAPIRequest"}
{"level":"DEBUG","location":"[get_call:168] fyersModel","message":{"Status Code":200,"API":"/history"},"timestamp":"2026-10-01 14:54:00,554+0530","service":"FyersAPIRequest"}
{"level":"DEBUG","location":"[get_call:168] fyersModel","message":{"Status Code":200,"API":"/history"},"timestamp":"2026-10-01 14:54:01,210+0530","service":"FyersAPIRequest"}
{"level":"DEBUG","location":"[get_call:168] fyersModel","message":{"Status Code":200,"API":"/history"},"timestamp":"2026-10-01 14:54:01,659+0530","service":"FyersAPIRequest"}
{"level":"DEBUG","location":"[get_call:168] fyersModel","message":{"Status Code":200,"API":"/history"},"timestamp":"2026-10-01 14:54:01,982+0530","service":"FyersAPIRequest"}
{"level":"DEBUG","location":"[get_call:168] fyersModel","message":{"Status Code":200,"API":"/history"},"timestamp":"2026-10-01 14:54:02,506+0530","service":"FyersAPIRequest"}
{"level":"DEBUG","location":"[get_call:168] fyersModel","message":{"Status Code":200,"API":"/history"},"timestamp":"2026-10-01 14:54:03,459+0530","service":"FyersAPIRequest"}
{"level":"DEBUG","location":"[get_call:168] fyersModel","message":{"Status Code":200,"API":"/history"},"timestamp":"2026-10-01 14:54:03,871+0530","service":"FyersAPIRequest"}
{"level":"DEBUG","location":"[get_call:168] fyersModel","message":{"Status Code":200,"API":"/history"},"timestamp":"2026-10-01 14:54:04,225+0530","service":"FyersAPIRequest"}
{"level":"DEBUG","location":"[get_call:168] fyersModel","message":{"Status Code":200,"API":"/history"},"timestamp":"2026-10-01 14:54:04,730+0530","service":"FyersAPIRequest"}
{"level":"DEBUG","location":"[get_call:168] fyersModel","message":{"Status Code":200,"API":"/history"},"timestamp":"2026-10-01 14:54:05,147+0530","service":"FyersAPIRequest"}
{"level":"DEBUG","location":"[get_call:168] fyersModel","message":{"Status Code":200,"API":"/history"},"timestamp":"2026-10-01 14:54:05,934+0530","service":"FyersAPIRequest"}
{"level":"DEBUG","location":"[get_call:168] fyersModel","message":{"Status Code":200,"API":"/history"},"timestamp":"2026-10-01 14:54:06,374+0530","service":"FyersAPIRequest"}
{"level":"DEBUG","location":"[get_call:168] fyersModel","message":{"Status Code":200,"API":"/history"},"timestamp":"2026-10-01 14:54:06,849+0530","service":"FyersAPIRequest"}
{"level":"DEBUG","location":"[get_call:168] fyersModel","message":{"Status Code":200,"API":"/history"},"timestamp":"2026-10-01 14:54:07,241+0530","service":"FyersAPIRequest"}
{"level":"DEBUG","location":"[get_call:168] fyersModel","message":{"Status Code":200,"API":"/history"},"timestamp":"2026-10-01 14:54:07,739+0530","service":"FyersAPIRequest"}
{"level":"DEBUG","location":"[get_call:168] fyersModel","message":{"Status Code":200,"API":"/history"},"timestamp":"2026-10-01 14:54:08,046+0530","service":"FyersAPIRequest"}
{"level":"DEBUG","location":"[get_call:168] fyersModel","message":{"Status Code":200,"API":"/history"},"timestamp":"2026-10-01 14:54:08,528+0530","service":"FyersAPIRequest"}
{"level":"DEBUG","location":"[get_call:168] fyersModel","message":{"Status Code":200,"API":"/history"},"timestamp":"2026-10-01 14:54:08,925+0530","service":"FyersAPIRequest"}
{"level":"DEBUG","location":"[get_call:168] fyersModel","message":{"Status Code":200,"API":"/history"},"timestamp":"2026-10-01 14:54:09,315+0530","service":"FyersAPIRequest"}
{"level":"DEBUG","location":"[get_call:168] fyersModel","message":{"Status Code":200,"API":"/history"},"timestamp":"2026-10-01 14:54:09,613+0530","service":"FyersAPIRequest"}
{"level":"DEBUG","location":"[get_call:168] fyersModel","message":{"Status Code":200,"API":"/history"},"timestamp":"2026-10-01 14:54:10,066+0530","service":"FyersAPIRequest"}
{"level":"DEBUG","location":"[get_call:168] fyersModel","message":{"Status Code":200,"API":"/history"},"timestamp":"2026-10-01 14:54:10,519+0530","service":"FyersAPIRequest"}
{"level":"DEBUG","location":"[get_call:168] fyersModel","message":{"Status Code":200,"API":"/history"},"timestamp":"2026-10-01 14:54:11,033+0530","service":"FyersAPIRequest"}
{"level":"DEBUG","location":"[get_call:168] fyersModel","message":{"Status Code":200,"API":"/history"},"timestamp":"2026-10-01 14:54:11,320+0530","service":"FyersAPIRequest"}
{"level":"DEBUG","location":"[get_call:168] fyersModel","message":{"Status Code":200,"API":"/history"},"timestamp":"2026-10-01 14:54:11,778+0530","service":"FyersAPIRequest"}
{"level":"DEBUG","location":"[get_call:168] fyersModel","message":{"Status Code":200,"API":"/history"},"timestamp":"2026-10-01 14:54:12,322+0530","service":"FyersAPIRequest"}
{"level":"DEBUG","location":"[get_call:168] fyersModel","message":{"Status Code":200,"API":"/history"},"timestamp":"2026-10-01 14:54:12,720+0530","service":"FyersAPIRequest"}
{"level":"DEBUG","location":"[get_call:168] fyersModel","message":{"Status Code":200,"API":"/history"},"timestamp":"2026-10-01 14:54:13,022+0530","service":"FyersAPIRequest"}
{"level":"DEBUG","location":"[get_call:168] fyersModel","message":{"Status Code":200,"API":"/history"},"timestamp":"2026-10-01 14:54:13,489+0530","service":"FyersAPIRequest"}
{"level":"DEBUG","location":"[get_call:168] fyersModel","message":{"Status Code":200,"API":"/history"},"timestamp":"2026-10-01 14:54:13,891+0530","service":"FyersAPIRequest"}
{"level":"DEBUG","location":"[get_call:168] fyersModel","message":{"Status Code":200,"API":"/history"},"timestamp":"2026-10-01 14:54:14,421+0530","service":"FyersAPIRequest"}
{"level":"DEBUG","location":"[get_call:168] fyersModel","message":{"Status Code":200,"API":"/history"},"timestamp":"2026-10-01 14:54:14,747+0530","service":"FyersAPIRequest"}
{"level":"DEBUG","location":"[get_call:168] fyersModel","message":{"Status Code":200,"API":"/history"},"timestamp":"2026-10-01 14:54:15,222+0530","service":"FyersAPIRequest"}
{"level":"DEBUG","location":"[get_call:168] fyersModel","message":{"Status Code":200,"API":"/history"},"timestamp":"2026-10-01 14:54:15,604+0530","service":"FyersAPIRequest"}
{"level":"DEBUG","location":"[get_call:168] fyersModel","message":{"Status Code":200,"API":"/history"},"timestamp":"2026-10-01 14:54:15,994+0530","service":"FyersAPIRequest"}
{"level":"DEBUG","location":"[get_call:168] fyersModel","message":{"Status Code":200,"API":"/history"},"timestamp":"2026-10-01 14:54:16,359+0530","service":"FyersAPIRequest"}
{"level":"DEBUG","location":"[get_call:168] fyersModel","message":{"Status Code":200,"API":"/history"},"timestamp":"2026-10-01 14:54:16,799+0530","service":"FyersAPIRequest"}
{"level":"DEBUG","location":"[get_call:168] fyersModel","message":{"Status Code":200,"API":"/history"},"timestamp":"2026-10-01 14:54:17,187+0530","service":"FyersAPIRequest"}
{"level":"DEBUG","location":"[get_call:168] fyersModel","message":{"Status Code":200,"API":"/history"},"timestamp":"2026-10-01 14:54:17,707+0530","service":"FyersAPIRequest"}
{"level":"DEBUG","location":"[get_call:168] fyersModel","message":{"Status Code":200,"API":"/history"},"timestamp":"2026-10-01 14:54:18,103+0530","service":"FyersAPIRequest"}
{"level":"DEBUG","location":"[get_call:168] fyersModel","message":{"Status Code":200,"API":"/history"},"timestamp":"2026-10-01 14:54:18,614+0530","service":"FyersAPIRequest"}
{"level":"DEBUG","location":"[get_call:168] fyersModel","message":{"Status Code":200,"API":"/history"},"timestamp":"2026-10-01 14:54:18,995+0530","service":"FyersAPIRequest"}
{"level":"DEBUG","location":"[get_call:168] fyersModel","message":{"Status Code":200,"API":"/history"},"timestamp":"2026-10-01 14:54:19,535+0530","service":"FyersAPIRequest"}
{"level":"DEBUG","location":"[get_call:168] fyersModel","message":{"Status Code":200,"API":"/history"},"timestamp":"2026-10-01 14:54:19,932+0530","service":"FyersAPIRequest"}
{"level":"DEBUG","location":"[get_call:168] fyersModel","message":{"Status Code":200,"API":"/history"},"timestamp":"2026-10-01 14:54:20,477+0530","service":"FyersAPIRequest"}
{"level":"DEBUG","location":"[get_call:168] fyersModel","message":{"Status Code":200,"API":"/history"},"timestamp":"2026-10-01 14:54:20,875+0530","service":"FyersAPIRequest"}
{"level":"DEBUG","location":"[get_call:168] fyersModel","message":{"Status Code":200,"API":"/history"},"timestamp":"2026-10-01 14:54:21,408+0530","service":"FyersAPIRequest"}
{"level":"DEBUG","location":"[get_call:168] fyersModel","message":{"Status Code":200,"API":"/history"},"timestamp":"2026-10-01 14:54:21,777+0530","service":"FyersAPIRequest"}
{"level":"DEBUG","location":"[get_call:168] fyersModel","message":{"Status Code":200,"API":"/history"},"timestamp":"2026-10-01 14:54:22,244+0530","service":"FyersAPIRequest"}
{"level":"DEBUG","location":"[get_call:168] fyersModel","message":{"Status Code":200,"API":"/history"},"timestamp":"2026-10-01 14:54:22,668+0530","service":"FyersAPIRequest"}
{"level":"DEBUG","location":"[get_call:168] fyersModel","message":{"Status Code":200,"API":"/history"},"timestamp":"2026-10-01 14:54:23,081+0530","service":"FyersAPIRequest"}
{"level":"DEBUG","location":"[get_call:168] fyersModel","message":{"Status Code":200,"API":"/history"},"timestamp":"2026-10-01 14:54:23,380+0530","service":"FyersAPIRequest"}
{"level":"DEBUG","location":"[get_call:168] fyersModel","message":{"Status Code":200,"API":"/history"},"timestamp":"2026-10-01 14:54:23,834+0530","service":"FyersAPIRequest"}
{"level":"DEBUG","location":"[get_call:168] fyersModel","message":{"Status Code":200,"API":"/history"},"timestamp":"2026-10-01 14:54:24,208+0530","service":"FyersAPIRequest"}
{"level":"DEBUG","location":"[get_call:168] fyersModel","message":{"Status Code":200,"API":"/history"},"timestamp":"2026-10-01 14:54:24,652+0530","service":"FyersAPIRequest"}
{"level":"DEBUG","location":"[get_call:168] fyersModel","message":{"Status Code":200,"API":"/history"},"timestamp":"2026-10-01 14:54:25,174+0530","service":"FyersAPIRequest"}
{"level":"DEBUG","location":"[get_call:168] fyersModel","message":{"Status Code":200,"API":"/history"},"timestamp":"2026-10-01 14:54:25,720+0530","service":"FyersAPIRequest"}
{"level":"DEBUG","location":"[get_call:168] fyersModel","message":{"Status Code":200,"API":"/history"},"timestamp":"2026-10-01 14:54:26,225+0530","service":"FyersAPIRequest"}
{"level":"DEBUG","location":"[get_call:168] fyersModel","message":{"Status Code":200,"API":"/history"},"timestamp":"2026-10-01 14:54:26,640+0530","service":"FyersAPIRequest"}
{"level":"DEBUG","location":"[get_call:168] fyersModel","message":{"Status Code":200,"API":"/history"},"timestamp":"2026-10-01 14:54:27,076+0530","service":"FyersAPIRequest"}
{"level":"DEBUG","location":"[get_call:168] fyersModel","message":{"Status Code":200,"API":"/history"},"timestamp":"2026-10-01 14:54:27,599+0530","service":"FyersAPIRequest"}
{"level":"DEBUG","location":"[get_call:168] fyersModel","message":{"Status Code":200,"API":"/history"},"timestamp":"2026-10-01 14:54:27,985+0530","service":"FyersAPIRequest"}
{"level":"DEBUG","location":"[get_call:168] fyersModel","message":{"Status Code":200,"API":"/history"},"timestamp":"2026-10-01 14:54:28,382+0530","service":"FyersAPIRequest"}
{"level":"DEBUG","location":"[get_call:168] fyersModel","message":{"Status Code":200,"API":"/history"},"timestamp":"2026-10-01 14:54:28,675+0530","service":"FyersAPIRequest"}
{"level":"DEBUG","location":"[get_call:168] fyersModel","message":{"Status Code":200,"API":"/history"},"timestamp":"2026-10-01 14:54:29,234+0530","service":"FyersAPIRequest"}
{"level":"DEBUG","location":"[get_call:168] fyersModel","message":{"Status Code":200,"API":"/history"},"timestamp":"2026-10-01 14:54:29,618+0530","service":"FyersAPIRequest"}
{"level":"DEBUG","location":"[get_call:168] fyersModel","message":{"Status Code":200,"API":"/history"},"timestamp":"2026-10-01 14:54:30,054+0530","service":"FyersAPIRequest"}
{"level":"DEBUG","location":"[get_call:168] fyersModel","message":{"Status Code":200,"API":"/history"},"timestamp":"2026-10-01 14:54:30,419+0530","service":"FyersAPIRequest"}
{"level":"DEBUG","location":"[get_call:168] fyersModel","message":{"Status Code":200,"API":"/history"},"timestamp":"2026-10-01 14:54:31,189+0530","service":"FyersAPIRequest"}
{"level":"DEBUG","location":"[get_call:168] fyersModel","message":{"Status Code":200,"API":"/history"},"timestamp":"2026-10-01 14:54:31,567+0530","service":"FyersAPIRequest"}
{"level":"DEBUG","location":"[get_call:168] fyersModel","message":{"Status Code":200,"API":"/history"},"timestamp":"2026-10-01 14:54:31,994+0530","service":"FyersAPIRequest"}
{"level":"DEBUG","location":"[get_call:168] fyersModel","message":{"Status Code":200,"API":"/history"},"timestamp":"2026-10-01 14:54:32,278+0530","service":"FyersAPIRequest"}
{"level":"DEBUG","location":"[get_call:168] fyersModel","message":{"Status Code":200,"API":"/history"},"timestamp":"2026-10-01 14:54:32,866+0530","service":"FyersAPIRequest"}
{"level":"DEBUG","location":"[get_call:168] fyersModel","message":{"Status Code":200,"API":"/history"},"timestamp":"2026-10-01 14:54:33,246+0530","service":"FyersAPIRequest"}
{"level":"DEBUG","location":"[get_call:168] fyersModel","message":{"Status Code":200,"API":"/history"},"timestamp":"2026-10-01 14:54:33,636+0530","service":"FyersAPIRequest"}
{"level":"DEBUG","location":"[get_call:168] fyersModel","message":{"Status Code":200,"API":"/history"},"timestamp":"2026-10-01 14:54:33,921+0530","service":"FyersAPIRequest"}
{"level":"DEBUG","location":"[get_call:168] fyersModel","message":{"Status Code":200,"API":"/history"},"timestamp":"2026-10-01 14:54:34,470+0530","service":"FyersAPIRequest"}
{"level":"DEBUG","location":"[get_call:168] fyersModel","message":{"Status Code":200,"API":"/history"},"timestamp":"2026-10-01 14:54:34,874+0530","service":"FyersAPIRequest"}
{"level":"DEBUG","location":"[get_call:168] fyersModel","message":{"Status Code":200,"API":"/history"},"timestamp":"2026-10-01 14:54:35,304+0530","service":"FyersAPIRequest"}
{"level":"DEBUG","location":"[get_call:168] fyersModel","message":{"Status Code":200,"API":"/history"},"timestamp":"2026-10-01 14:54:35,661+0530","service":"FyersAPIRequest"}
{"level":"DEBUG","location":"[get_call:168] fyersModel","message":{"Status Code":200,"API":"/history"},"timestamp":"2026-10-01 14:54:36,190+0530","service":"FyersAPIRequest"}
{"level":"DEBUG","location":"[get_call:168] fyersModel","message":{"Status Code":200,"API":"/history"},"timestamp":"2026-10-01 14:54:36,564+0530","service":"FyersAPIRequest"}
{"level":"DEBUG","location":"[get_call:168] fyersModel","message":{"Status Code":200,"API":"/history"},"timestamp":"2026-10-01 14:54:36,952+0530","service":"FyersAPIRequest"}
{"level":"DEBUG","location":"[get_call:168] fyersModel","message":{"Status Code":200,"API":"/history"},"timestamp":"2026-10-01 14:54:37,374+0530","service":"FyersAPIRequest"}
{"level":"DEBUG","location":"[get_call:168] fyersModel","message":{"Status Code":200,"API":"/history"},"timestamp":"2026-10-01 14:54:37,891+0530","service":"FyersAPIRequest"}
{"level":"DEBUG","location":"[get_call:168] fyersModel","message":{"Status Code":200,"API":"/history"},"timestamp":"2026-10-01 14:54:38,285+0530","service":"FyersAPIRequest"}
{"level":"DEBUG","location":"[get_call:168] fyersModel","message":{"Status Code":200,"API":"/history"},"timestamp":"2026-10-01 14:54:38,819+0530","service":"FyersAPIRequest"}
{"level":"DEBUG","location":"[get_call:168] fyersModel","message":{"Status Code":200,"API":"/history"},"timestamp":"2026-10-01 14:54:39,120+0530","service":"FyersAPIRequest"}
{"level":"DEBUG","location":"[get_call:168] fyersModel","message":{"Status Code":200,"API":"/history"},"timestamp":"2026-10-01 14:54:39,613+0530","service":"FyersAPIRequest"}
{"level":"DEBUG","location":"[get_call:168] fyersModel","message":{"Status Code":200,"API":"/history"},"timestamp":"2026-10-01 14:54:40,021+0530","service":"FyersAPIRequest"}
{"level":"DEBUG","location":"[get_call:168] fyersModel","message":{"Status Code":200,"API":"/history"},"timestamp":"2026-10-01 14:54:40,534+0530","service":"FyersAPIRequest"}
{"level":"DEBUG","location":"[get_call:168] fyersModel","message":{"Status Code":200,"API":"/history"},"timestamp":"2026-10-01 14:54:40,907+0530","service":"FyersAPIRequest"}
{"level":"DEBUG","location":"[get_call:168] fyersModel","message":{"Status Code":200,"API":"/history"},"timestamp":"2026-10-01 14:54:41,431+0530","service":"FyersAPIRequest"}
{"level":"DEBUG","location":"[get_call:168] fyersModel","message":{"Status Code":200,"API":"/history"},"timestamp":"2026-10-01 14:54:41,817+0530","service":"FyersAPIRequest"}
{"level":"DEBUG","location":"[get_call:168] fyersModel","message":{"Status Code":200,"API":"/history"},"timestamp":"2026-10-01 14:54:42,219+0530","service":"FyersAPIRequest"}
{"level":"DEBUG","location":"[get_call:168] fyersModel","message":{"Status Code":200,"API":"/history"},"timestamp":"2026-10-01 14:54:42,543+0530","service":"FyersAPIRequest"}
{"level":"DEBUG","location":"[get_call:168] fyersModel","message":{"Status Code":200,"API":"/history"},"timestamp":"2026-10-01 14:54:43,195+0530","service":"FyersAPIRequest"}
{"level":"DEBUG","location":"[get_call:168] fyersModel","message":{"Status Code":200,"API":"/history"},"timestamp":"2026-10-01 14:54:43,613+0530","service":"FyersAPIRequest"}
{"level":"DEBUG","location":"[get_call:168] fyersModel","message":{"Status Code":200,"API":"/history"},"timestamp":"2026-10-01 14:54:44,052+0530","service":"FyersAPIRequest"}
{"level":"DEBUG","location":"[get_call:168] fyersModel","message":{"Status Code":200,"API":"/history"},"timestamp":"2026-10-01 14:54:44,356+0530","service":"FyersAPIRequest"}
{"level":"DEBUG","location":"[get_call:168] fyersModel","message":{"Status Code":200,"API":"/history"},"timestamp":"2026-10-01 14:54:44,789+0530","service":"FyersAPIRequest"}
{"level":"DEBUG","location":"[get_call:168] fyersModel","message":{"Status Code":200,"API":"/history"},"timestamp":"2026-10-01 14:54:45,199+0530","service":"FyersAPIRequest"}
{"level":"DEBUG","location":"[get_call:168] fyersModel","message":{"Status Code":200,"API":"/history"},"timestamp":"2026-10-01 14:54:45,622+0530","service":"FyersAPIRequest"}
{"level":"DEBUG","location":"[get_call:168] fyersModel","message":{"Status Code":200,"API":"/history"},"timestamp":"2026-10-01 14:54:45,904+0530","service":"FyersAPIRequest"}
{"level":"DEBUG","location":"[get_call:168] fyersModel","message":{"Status Code":200,"API":"/history"},"timestamp":"2026-10-01 14:54:46,375+0530","service":"FyersAPIRequest"}
{"level":"DEBUG","location":"[get_call:168] fyersModel","message":{"Status Code":200,"API":"/history"},"timestamp":"2026-10-01 14:54:46,779+0530","service":"FyersAPIRequest"}
{"level":"DEBUG","location":"[get_call:168] fyersModel","message":{"Status Code":200,"API":"/history"},"timestamp":"2026-10-01 14:54:47,241+0530","service":"FyersAPIRequest"}
{"level":"DEBUG","location":"[get_call:168] fyersModel","message":{"Status Code":200,"API":"/history"},"timestamp":"2026-10-01 14:54:47,544+0530","service":"FyersAPIRequest"}
{"level":"DEBUG","location":"[get_call:168] fyersModel","message":{"Status Code":200,"API":"/history"},"timestamp":"2026-10-01 14:54:48,103+0530","service":"FyersAPIRequest"}
{"level":"DEBUG","location":"[get_call:168] fyersModel","message":{"Status Code":200,"API":"/history"},"timestamp":"2026-10-01 14:54:48,487+0530","service":"FyersAPIRequest"}
{"level":"DEBUG","location":"[get_call:168] fyersModel","message":{"Status Code":200,"API":"/history"},"timestamp":"2026-10-01 14:54:48,904+0530","service":"FyersAPIRequest"}
{"level":"DEBUG","location":"[get_call:168] fyersModel","message":{"Status Code":200,"API":"/history"},"timestamp":"2026-10-01 14:54:49,293+0530","service":"FyersAPIRequest"}
{"level":"DEBUG","location":"[get_call:168] fyersModel","message":{"Status Code":200,"API":"/history"},"timestamp":"2026-10-01 14:54:49,837+0530","service":"FyersAPIRequest"}
{"level":"DEBUG","location":"[get_call:168] fyersModel","message":{"Status Code":200,"API":"/history"},"timestamp":"2026-10-01 14:54:50,227+0530","service":"FyersAPIRequest"}
{"level":"DEBUG","location":"[get_call:168] fyersModel","message":{"Status Code":200,"API":"/history"},"timestamp":"2026-10-01 14:54:50,707+0530","service":"FyersAPIRequest"}
{"level":"DEBUG","location":"[get_call:168] fyersModel","message":{"Status Code":200,"API":"/history"},"timestamp":"2026-10-01 14:54:51,005+0530","service":"FyersAPIRequest"}
{"level":"DEBUG","location":"[get_call:168] fyersModel","message":{"Status Code":200,"API":"/history"},"timestamp":"2026-10-01 14:54:51,466+0530","service":"FyersAPIRequest"}
{"level":"DEBUG","location":"[get_call:168] fyersModel","message":{"Status Code":200,"API":"/history"},"timestamp":"2026-10-01 14:54:51,924+0530","service":"FyersAPIRequest"}
{"level":"DEBUG","location":"[get_call:168] fyersModel","message":{"Status Code":200,"API":"/history"},"timestamp":"2026-10-01 14:54:52,444+0530","service":"FyersAPIRequest"}
{"level":"DEBUG","location":"[get_call:168] fyersModel","message":{"Status Code":200,"API":"/history"},"timestamp":"2026-10-01 14:54:52,756+0530","service":"FyersAPIRequest"}
{"level":"DEBUG","location":"[get_call:168] fyersModel","message":{"Status Code":200,"API":"/history"},"timestamp":"2026-10-01 14:54:53,360+0530","service":"FyersAPIRequest"}
{"level":"DEBUG","location":"[get_call:168] fyersModel","message":{"Status Code":200,"API":"/history"},"timestamp":"2026-10-01 14:54:53,895+0530","service":"FyersAPIRequest"}
{"level":"DEBUG","location":"[get_call:168] fyersModel","message":{"Status Code":200,"API":"/history"},"timestamp":"2026-10-01 14:54:54,397+0530","service":"FyersAPIRequest"}
{"level":"DEBUG","location":"[get_call:168] fyersModel","message":{"Status Code":200,"API":"/history"},"timestamp":"2026-10-01 14:54:54,704+0530","service":"FyersAPIRequest"}
{"level":"DEBUG","location":"[get_call:168] fyersModel","message":{"Status Code":200,"API":"/history"},"timestamp":"2026-10-01 14:54:55,120+0530","service":"FyersAPIRequest"}
{"level":"DEBUG","location":"[get_call:168] fyersModel","message":{"Status Code":200,"API":"/history"},"timestamp":"2026-10-01 14:54:55,600+0530","service":"FyersAPIRequest"}
{"level":"DEBUG","location":"[get_call:168] fyersModel","message":{"Status Code":200,"API":"/history"},"timestamp":"2026-10-01 14:54:55,974+0530","service":"FyersAPIRequest"}
{"level":"DEBUG","location":"[get_call:168] fyersModel","message":{"Status Code":200,"API":"/history"},"timestamp":"2026-10-01 14:54:56,255+0530","service":"FyersAPIRequest"}
